Changed database context to 'QuotesDb'.
DBCC execution completed. If DBCC printed error messages, contact your system administrator.
DBCC execution completed. If DBCC printed error messages, contact your system administrator.
SQL Server parse and compile time: 
   CPU time = 1 ms, elapsed time = 2 ms.
----- Q1: Single-row lookup by Id (target: clustered index seek) -----

 SQL Server Execution Times:
   CPU time = 0 ms,  elapsed time = 0 ms.
Table 'QuotePerformanceTest'. Scan count 0, logical reads 3, physical reads 0, page server reads 0, read-ahead reads 0, page server read-ahead reads 0, lob logical reads 0, lob physical reads 0, lob page server reads 0, lob read-ahead reads 0, lob page server read-ahead reads 0.

 SQL Server Execution Times:
   CPU time = 0 ms,  elapsed time = 0 ms.
SQL Server parse and compile time: 
   CPU time = 0 ms, elapsed time = 2 ms.
----- Q2: All quotes by a specific author (target: NC seek on Author) -----

 SQL Server Execution Times:
   CPU time = 0 ms,  elapsed time = 0 ms.
Table 'QuotePerformanceTest'. Scan count 1, logical reads 23, physical reads 0, page server reads 0, read-ahead reads 7, page server read-ahead reads 0, lob logical reads 0, lob physical reads 0, lob page server reads 0, lob read-ahead reads 0, lob page server read-ahead reads 0.

 SQL Server Execution Times:
   CPU time = 1 ms,  elapsed time = 0 ms.
Rows matched: 2000

 SQL Server Execution Times:
   CPU time = 0 ms,  elapsed time = 0 ms.
SQL Server parse and compile time: 
   CPU time = 0 ms, elapsed time = 1 ms.
----- Q3: Latest 50 quotes in a Category (target: NC seek on Category+CreatedDate DESC) -----

 SQL Server Execution Times:
   CPU time = 0 ms,  elapsed time = 0 ms.
Table 'QuotePerformanceTest'. Scan count 1, logical reads 9, physical reads 0, page server reads 0, read-ahead reads 5, page server read-ahead reads 0, lob logical reads 0, lob physical reads 0, lob page server reads 0, lob read-ahead reads 0, lob page server read-ahead reads 0.

 SQL Server Execution Times:
   CPU time = 0 ms,  elapsed time = 0 ms.
SQL Server parse and compile time: 
   CPU time = 0 ms, elapsed time = 0 ms.

 SQL Server Execution Times:
   CPU time = 0 ms,  elapsed time = 0 ms.
