Changed database context to 'QuotesDb'.

SELECT Id, Author, Category, CreatedDate
FROM dbo.QuotePerformanceTest
WHERE Id = 75123;

(1 rows affected)
  |--Clustered Index Seek(OBJECT:([QuotesDb].[dbo].[QuotePerformanceTest].[CIX_QuotePerformanceTest_Id]), SEEK:([QuotesDb].[dbo].[QuotePerformanceTest].[Id]=[@1]) ORDERED FORWARD)

(1 rows affected)

SELECT COUNT_BIG(*) AS RowsForAuthor
FROM dbo.QuotePerformanceTest
WHERE Author = N'Marcus Aurelius'
  AND IsDeleted = 0;

(1 rows affected)
  |--Stream Aggregate(DEFINE:([Expr1002]=Count(*)))
       |--Index Seek(OBJECT:([QuotesDb].[dbo].[QuotePerformanceTest].[IX_QuotePerformanceTest_Author]), SEEK:([QuotesDb].[dbo].[QuotePerformanceTest].[Author]=N'Marcus Aurelius') ORDERED FORWARD)

(2 rows affected)

SELECT TOP 50 Id, Author, Category, CreatedDate
FROM dbo.QuotePerformanceTest
WHERE Category = N'Wisdom'
  AND CreatedDate >= '2025-01-01'
ORDER BY CreatedDate DESC;

(1 rows affected)
  |--Top(TOP EXPRESSION:((50)))
       |--Nested Loops(Inner Join, OUTER REFERENCES:([Expr1003], [Expr1004], [Expr1002]))
            |--Compute Scalar(DEFINE:(([Expr1003],[Expr1004],[Expr1002])=GetRangeWithMismatchedTypes('2025-01-01 00:00:00.0000000',NULL,(22))))
            |    |--Constant Scan
            |--Index Seek(OBJECT:([QuotesDb].[dbo].[QuotePerformanceTest].[IX_QuotePerformanceTest_Category_CreatedDate]), SEEK:([QuotesDb].[dbo].[QuotePerformanceTest].[Category]=N'Wisdom' AND [QuotesDb].[dbo].[QuotePerformanceTest].[CreatedDate] < [Expr1004] AND [QuotesDb].[dbo].[QuotePerformanceTest].[CreatedDate] > [Expr1003]) ORDERED FORWARD)

(5 rows affected)
